// Jest Snapshot v1, https://goo.gl/fbAQLP

exports[`renderClaimButton renders a button 1`] = `"<a id=\\"bloom-claim-element-\\" target=\\"_blank\\" rel=\\"norefferer noopener\\" href=\\"https://bloom.co/download?claim=eyJ2ZXJzaW9uIjoxLCJ1cmwiOiJodHRwczovL2NsYWltLWtpdC5ibG9vbS5jby9hcGkvY2xhaW0/c2hhcmUta2l0LWZyb209YnV0dG9uIiwidG9rZW4iOiJ0b2tlbiJ9&amp;callback-url=https%3A%2F%2Fbloom.co%2Fcallback-url\\"><style>#bloom-claim-element- { position: relative; background-image: url(data:image/svg+xml;base64,CiAgPHN2ZyB3aWR0aD0iMjgxIiBoZWlnaHQ9IjQ4IgogICAgeG1sbnM9Imh0dHA6Ly93d3cudzMub3JnLzIwMDAvc3ZnIgogICAgeG1sbnM6eGxpbms9Imh0dHA6Ly93d3cudzMub3JnLzE5OTkveGxpbmsiPgogICAgPGRlZnM+CiAgICAgIDxyZWN0IGlkPSJhIiB3aWR0aD0iMzM1IiBoZWlnaHQ9IjQ4IiByeD0iNCIvPgogICAgICA8cGF0aCBkPSJNMCAwaDI4MWMxMy4yNTQ4MzQgMCAyNCAxMC43NDUxNjYgMjQgMjRzLTEwLjc0NTE2NiAyNC0yNCAyNEgwVjB6IiBpZD0iYyIvPgogICAgICA8bGluZWFyR3JhZGllbnQgeDE9IjgzLjM4MDYwMDUlIiB5MT0iNi4wMTc3MDc5MiUiIHgyPSIxMzAuODY1OTklIiB5Mj0iMTAwJSIgaWQ9ImQiPgogICAgICAgIDxzdG9wIHN0b3AtY29sb3I9IiM3QTdDRjMiIG9mZnNldD0iMCUiLz4KICAgICAgICA8c3RvcCBzdG9wLWNvbG9yPSIjNjI2MkY2IiBvZmZzZXQ9IjEwMCUiLz4KICAgICAgPC9saW5lYXJHcmFkaWVudD4KICAgICAgPHBhdGggZD0iTTAgMGgyODFjMTMuMjU0ODM0IDAgMjQgMTAuNzQ1MTY2IDI0IDI0cy0xMC43NDUxNjYgMjQtMjQgMjRIMFYweiIgaWQ9ImYiLz4KICAgICAgPHBhdGggZD0iTTAgMGgyODFjMTMuMjU0ODM0IDAgMjQgMTAuNzQ1MTY2IDI0IDI0cy0xMC43NDUxNjYgMjQtMjQgMjRIMFYweiIgaWQ9ImgiLz4KICAgICAgPHBhdGggZD0iTTAgMGgyODFjMTMuMjU0ODM0IDAgMjQgMTAuNzQ1MTY2IDI0IDI0cy0xMC43NDUxNjYgMjQtMjQgMjRIMFYweiIgaWQ9ImoiLz4KICAgICAgPHBhdGggZD0iTTAgMGgyODFjMTMuMjU0ODM0IDAgMjQgMTAuNzQ1MTY2IDI0IDI0cy0xMC43NDUxNjYgMjQtMjQgMjRIMFYweiIgaWQ9ImwiLz4KICAgICAgPHBhdGggZD0iTTAgMGgyODFjMTMuMjU0ODM0IDAgMjQgMTAuNzQ1MTY2IDI0IDI0cy0xMC43NDUxNjYgMjQtMjQgMjRIMFYweiIgaWQ9Im4iLz4KICAgICAgPHBhdGggZD0iTTAgMGgyODFjMTMuMjU0ODM0IDAgMjQgMTAuNzQ1MTY2IDI0IDI0cy0xMC43NDUxNjYgMjQtMjQgMjRIMFYweiIgaWQ9InAiLz4KICAgICAgPHBhdGggZD0iTTAgMGgyODFjMTMuMjU0ODM0IDAgMjQgMTAuNzQ1MTY2IDI0IDI0cy0xMC43NDUxNjYgMjQtMjQgMjRIMFYweiIgaWQ9InIiLz4KICAgICAgPHBhdGggZD0iTTAgMGgyMjZjMTMuMjU0ODM0IDAgMjQgMTAuNzQ1MTY2IDI0IDI0cy0xMC43NDUxNjYgMjQtMjQgMjRIMFYweiIgaWQ9InQiLz4KICAgICAgPHBhdGggZD0iTTAgMGgyMjZjMTMuMjU0ODM0IDAgMjQgMTAuNzQ1MTY2IDI0IDI0cy0xMC43NDUxNjYgMjQtMjQgMjRIMFYweiIgaWQ9InYiLz4KICAgICAgPHBhdGggZD0iTTAgMGgyMjZjMTMuMjU0ODM0IDAgMjQgMTAuNzQ1MTY2IDI0IDI0cy0xMC43NDUxNjYgMjQtMjQgMjRIMFYweiIgaWQ9IngiLz4KICAgICAgPHBhdGggZD0iTTAgMGgyMjZjMTMuMjU0ODM0IDAgMjQgMTAuNzQ1MTY2IDI0IDI0cy0xMC43NDUxNjYgMjQtMjQgMjRIMFYweiIgaWQ9InoiLz4KICAgICAgPHBhdGggZD0iTTAgMGgyMjZjMTMuMjU0ODM0IDAgMjQgMTAuNzQ1MTY2IDI0IDI0cy0xMC43NDUxNjYgMjQtMjQgMjRIMFYweiIgaWQ9IkIiLz4KICAgICAgPHBhdGggZD0iTTAgMGgyMjZjMTMuMjU0ODM0IDAgMjQgMTAuNzQ1MTY2IDI0IDI0cy0xMC43NDUxNjYgMjQtMjQgMjRIMFYweiIgaWQ9IkQiLz4KICAgICAgPHBhdGggZD0iTTAgMGgyMjZjMTMuMjU0ODM0IDAgMjQgMTAuNzQ1MTY2IDI0IDI0cy0xMC43NDUxNjYgMjQtMjQgMjRIMFYweiIgaWQ9IkYiLz4KICAgICAgPHBhdGggZD0iTTAgMGgyMjZjMTMuMjU0ODM0IDAgMjQgMTAuNzQ1MTY2IDI0IDI0cy0xMC43NDUxNjYgMjQtMjQgMjRIMFYweiIgaWQ9IkgiLz4KICAgICAgPHBhdGggZD0iTTAgMGgyMjZjMTMuMjU0ODM0IDAgMjQgMTAuNzQ1MTY2IDI0IDI0cy0xMC43NDUxNjYgMjQtMjQgMjRIMFYweiIgaWQ9IkoiLz4KICAgICAgPHBhdGggZD0iTTAgMGgyMjZjMTMuMjU0ODM0IDAgMjQgMTAuNzQ1MTY2IDI0IDI0cy0xMC43NDUxNjYgMjQtMjQgMjRIMFYweiIgaWQ9IkwiLz4KICAgICAgPHBhdGggZD0iTTAgMGgyMjZjMTMuMjU0ODM0IDAgMjQgMTAuNzQ1MTY2IDI0IDI0cy0xMC43NDUxNjYgMjQtMjQgMjRIMFYweiIgaWQ9Ik4iLz4KICAgICAgPHBhdGggZD0iTTAgMGgyMjZjMTMuMjU0ODM0IDAgMjQgMTAuNzQ1MTY2IDI0IDI0cy0xMC43NDUxNjYgMjQtMjQgMjRIMFYweiIgaWQ9IlAiLz4KICAgICAgPHBhdGggZD0iTTAgMGgyMjZjMTMuMjU0ODM0IDAgMjQgMTAuNzQ1MTY2IDI0IDI0cy0xMC43NDUxNjYgMjQtMjQgMjRIMFYweiIgaWQ9IlIiLz4KICAgICAgPHBhdGggZD0iTTAgMGgyMjZjMTMuMjU0ODM0IDAgMjQgMTAuNzQ1MTY2IDI0IDI0cy0xMC43NDUxNjYgMjQtMjQgMjRIMFYweiIgaWQ9IlQiLz4KICAgICAgPHBhdGggZD0iTTAgMGgyMjZjMTMuMjU0ODM0IDAgMjQgMTAuNzQ1MTY2IDI0IDI0cy0xMC43NDUxNjYgMjQtMjQgMjRIMFYweiIgaWQ9IlYiLz4KICAgICAgPHBhdGggZD0iTTAgMGgxNDQuNjRDMTUzLjEyMzA5NCAwIDE2MCAxMC43NDUxNjYgMTYwIDI0cy02Ljg3NjkwNiAyNC0xNS4zNiAyNEgwVjB6IiBpZD0iWCIvPgogICAgPC9kZWZzPgogICAgPGcgdHJhbnNmb3JtPSJ0cmFuc2xhdGUoLTQxKSIgZmlsbD0ibm9uZSIgZmlsbC1ydWxlPSJldmVub2RkIj4KICAgICAgPG1hc2sgaWQ9ImIiIGZpbGw9IiNmZmYiPgogICAgICAgIDx1c2UgeGxpbms6aHJlZj0iI2EiLz4KICAgICAgPC9tYXNrPgogICAgICA8ZyBtYXNrPSJ1cmwoI2IpIj4KICAgICAgICA8ZyB0cmFuc2Zvcm09InRyYW5zbGF0ZSg0MSkiPgogICAgICAgICAgPG1hc2sgaWQ9ImUiIGZpbGw9IiNmZmYiPgogICAgICAgICAgICA8dXNlIHhsaW5rOmhyZWY9IiNjIi8+CiAgICAgICAgICA8L21hc2s+CiAgICAgICAgICA8Y2lyY2xlIHN0cm9rZT0idXJsKCNkKSIgc3Ryb2tlLXdpZHRoPSIyIiBtYXNrPSJ1cmwoI2UpIiBjeD0iLTMiIGN5PSIyNCIgcj0iMjUiLz4KICAgICAgICA8L2c+CiAgICAgICAgPGcgdHJhbnNmb3JtPSJ0cmFuc2xhdGUoNDEpIj4KICAgICAgICAgIDxtYXNrIGlkPSJnIiBmaWxsPSIjZmZmIj4KICAgICAgICAgICAgPHVzZSB4bGluazpocmVmPSIjZiIvPgogICAgICAgICAgPC9tYXNrPgogICAgICAgICAgPGNpcmNsZSBzdHJva2U9InVybCgjZCkiIHN0cm9rZS13aWR0aD0iMiIgbWFzaz0idXJsKCNnKSIgY3g9IjEiIGN5PSIyNCIgcj0iMjciLz4KICAgICAgICA8L2c+CiAgICAgICAgPGcgdHJhbnNmb3JtPSJ0cmFuc2xhdGUoNDEpIj4KICAgICAgICAgIDxtYXNrIGlkPSJpIiBmaWxsPSIjZmZmIj4KICAgICAgICAgICAgPHVzZSB4bGluazpocmVmPSIjaCIvPgogICAgICAgICAgPC9tYXNrPgogICAgICAgICAgPGNpcmNsZSBzdHJva2U9InVybCgjZCkiIHN0cm9rZS13aWR0aD0iMiIgbWFzaz0idXJsKCNpKSIgY3g9IjUiIGN5PSIyNCIgcj0iMjkiLz4KICAgICAgICA8L2c+CiAgICAgICAgPGcgdHJhbnNmb3JtPSJ0cmFuc2xhdGUoNDEpIj4KICAgICAgICAgIDxtYXNrIGlkPSJrIiBmaWxsPSIjZmZmIj4KICAgICAgICAgICAgPHVzZSB4bGluazpocmVmPSIjaiIvPgogICAgICAgICAgPC9tYXNrPgogICAgICAgICAgPGNpcmNsZSBzdHJva2U9InVybCgjZCkiIHN0cm9rZS13aWR0aD0iMiIgb3BhY2l0eT0iLjgiIG1hc2s9InVybCgjaykiIGN4PSI5IiBjeT0iMjQiIHI9IjMxIi8+CiAgICAgICAgPC9nPgogICAgICAgIDxnIHRyYW5zZm9ybT0idHJhbnNsYXRlKDQxKSI+CiAgICAgICAgICA8bWFzayBpZD0ibSIgZmlsbD0iI2ZmZiI+CiAgICAgICAgICAgIDx1c2UgeGxpbms6aHJlZj0iI2wiLz4KICAgICAgICAgIDwvbWFzaz4KICAgICAgICAgIDxjaXJjbGUgc3Ryb2tlPSJ1cmwoI2QpIiBzdHJva2Utd2lkdGg9IjIiIG9wYWNpdHk9Ii44IiBtYXNrPSJ1cmwoI20pIiBjeD0iMTMiIGN5PSIyNCIgcj0iMzMiLz4KICAgICAgICA8L2c+CiAgICAgICAgPGcgdHJhbnNmb3JtPSJ0cmFuc2xhdGUoNDEpIj4KICAgICAgICAgIDxtYXNrIGlkPSJvIiBmaWxsPSIjZmZmIj4KICAgICAgICAgICAgPHVzZSB4bGluazpocmVmPSIjbiIvPgogICAgICAgICAgPC9tYXNrPgogICAgICAgICAgPGNpcmNsZSBzdHJva2U9InVybCgjZCkiIHN0cm9rZS13aWR0aD0iMiIgb3BhY2l0eT0iLjciIG1hc2s9InVybCgjbykiIGN4PSIxOCIgY3k9IjI0IiByPSIzNCIvPgogICAgICAgIDwvZz4KICAgICAgICA8ZyB0cmFuc2Zvcm09InRyYW5zbGF0ZSg0MSkiPgogICAgICAgICAgPG1hc2sgaWQ9InEiIGZpbGw9IiNmZmYiPgogICAgICAgICAgICA8dXNlIHhsaW5rOmhyZWY9IiNwIi8+CiAgICAgICAgICA8L21hc2s+CiAgICAgICAgICA8Y2lyY2xlIHN0cm9rZT0idXJsKCNkKSIgc3Ryb2tlLXdpZHRoPSIyIiBvcGFjaXR5PSIuNyIgbWFzaz0idXJsKCNxKSIgY3g9IjIzIiBjeT0iMjQiIHI9IjM1Ii8+CiAgICAgICAgPC9nPgogICAgICAgIDxnIHRyYW5zZm9ybT0idHJhbnNsYXRlKDQxKSI+CiAgICAgICAgICA8bWFzayBpZD0icyIgZmlsbD0iI2ZmZiI+CiAgICAgICAgICAgIDx1c2UgeGxpbms6aHJlZj0iI3IiLz4KICAgICAgICAgIDwvbWFzaz4KICAgICAgICAgIDxnIG1hc2s9InVybCgjcykiPgogICAgICAgICAgICA8ZyB0cmFuc2Zvcm09InRyYW5zbGF0ZSg1NSkiPgogICAgICAgICAgICAgIDxtYXNrIGlkPSJ1IiBmaWxsPSIjZmZmIj4KICAgICAgICAgICAgICAgIDx1c2UgeGxpbms6aHJlZj0iI3QiLz4KICAgICAgICAgICAgICA8L21hc2s+CiAgICAgICAgICAgICAgPGNpcmNsZSBzdHJva2U9InVybCgjZCkiIHN0cm9rZS13aWR0aD0iMiIgb3BhY2l0eT0iLjYiIG1hc2s9InVybCgjdSkiIGN4PSItMjciIGN5PSIyNCIgcj0iMzYiLz4KICAgICAgICAgICAgPC9nPgogICAgICAgICAgICA8ZyB0cmFuc2Zvcm09InRyYW5zbGF0ZSg1NSkiPgogICAgICAgICAgICAgIDxtYXNrIGlkPSJ3IiBmaWxsPSIjZmZmIj4KICAgICAgICAgICAgICAgIDx1c2UgeGxpbms6aHJlZj0iI3YiLz4KICAgICAgICAgICAgICA8L21hc2s+CiAgICAgICAgICAgICAgPGNpcmNsZSBzdHJva2U9InVybCgjZCkiIHN0cm9rZS13aWR0aD0iMiIgb3BhY2l0eT0iLjYiIG1hc2s9InVybCgjdykiIGN4PSItMjIiIGN5PSIyNCIgcj0iMzciLz4KICAgICAgICAgICAgPC9nPgogICAgICAgICAgICA8ZyB0cmFuc2Zvcm09InRyYW5zbGF0ZSg1NSkiPgogICAgICAgICAgICAgIDxtYXNrIGlkPSJ5IiBmaWxsPSIjZmZmIj4KICAgICAgICAgICAgICAgIDx1c2UgeGxpbms6aHJlZj0iI3giLz4KICAgICAgICAgICAgICA8L21hc2s+CiAgICAgICAgICAgICAgPGNpcmNsZSBzdHJva2U9InVybCgjZCkiIHN0cm9rZS13aWR0aD0iMiIgb3BhY2l0eT0iLjYiIG1hc2s9InVybCgjeSkiIGN4PSItMTciIGN5PSIyNCIgcj0iMzgiLz4KICAgICAgICAgICAgPC9nPgogICAgICAgICAgICA8ZyB0cmFuc2Zvcm09InRyYW5zbGF0ZSg1NSkiPgogICAgICAgICAgICAgIDxtYXNrIGlkPSJBIiBmaWxsPSIjZmZmIj4KICAgICAgICAgICAgICAgIDx1c2UgeGxpbms6aHJlZj0iI3oiLz4KICAgICAgICAgICAgICA8L21hc2s+CiAgICAgICAgICAgICAgPGNpcmNsZSBzdHJva2U9InVybCgjZCkiIHN0cm9rZS13aWR0aD0iMiIgb3BhY2l0eT0iLjU1IiBtYXNrPSJ1cmwoI0EpIiBjeD0iLTEyIiBjeT0iMjQiIHI9IjM5Ii8+CiAgICAgICAgICAgIDwvZz4KICAgICAgICAgICAgPGcgdHJhbnNmb3JtPSJ0cmFuc2xhdGUoNTUpIj4KICAgICAgICAgICAgICA8bWFzayBpZD0iQyIgZmlsbD0iI2ZmZiI+CiAgICAgICAgICAgICAgICA8dXNlIHhsaW5rOmhyZWY9IiNCIi8+CiAgICAgICAgICAgICAgPC9tYXNrPgogICAgICAgICAgICAgIDxjaXJjbGUgc3Ryb2tlPSJ1cmwoI2QpIiBzdHJva2Utd2lkdGg9IjIiIG9wYWNpdHk9Ii41NSIgbWFzaz0idXJsKCNDKSIgY3g9Ii03IiBjeT0iMjQiIHI9IjQwIi8+CiAgICAgICAgICAgIDwvZz4KICAgICAgICAgICAgPGcgdHJhbnNmb3JtPSJ0cmFuc2xhdGUoNTUpIj4KICAgICAgICAgICAgICA8bWFzayBpZD0iRSIgZmlsbD0iI2ZmZiI+CiAgICAgICAgICAgICAgICA8dXNlIHhsaW5rOmhyZWY9IiNEIi8+CiAgICAgICAgICAgICAgPC9tYXNrPgogICAgICAgICAgICAgIDxjaXJjbGUgc3Ryb2tlPSJ1cmwoI2QpIiBzdHJva2Utd2lkdGg9IjIiIG9wYWNpdHk9Ii41NSIgbWFzaz0idXJsKCNFKSIgY3g9Ii0yIiBjeT0iMjQiIHI9IjQxIi8+CiAgICAgICAgICAgIDwvZz4KICAgICAgICAgICAgPGcgdHJhbnNmb3JtPSJ0cmFuc2xhdGUoNTUpIj4KICAgICAgICAgICAgICA8bWFzayBpZD0iRyIgZmlsbD0iI2ZmZiI+CiAgICAgICAgICAgICAgICA8dXNlIHhsaW5rOmhyZWY9IiNGIi8+CiAgICAgICAgICAgICAgPC9tYXNrPgogICAgICAgICAgICAgIDxjaXJjbGUgc3Ryb2tlPSJ1cmwoI2QpIiBzdHJva2Utd2lkdGg9IjIiIG9wYWNpdHk9Ii41NSIgbWFzaz0idXJsKCNHKSIgY3g9IjMiIGN5PSIyNCIgcj0iNDIiLz4KICAgICAgICAgICAgPC9nPgogICAgICAgICAgICA8ZyB0cmFuc2Zvcm09InRyYW5zbGF0ZSg1NSkiPgogICAgICAgICAgICAgIDxtYXNrIGlkPSJJIiBmaWxsPSIjZmZmIj4KICAgICAgICAgICAgICAgIDx1c2UgeGxpbms6aHJlZj0iI0giLz4KICAgICAgICAgICAgICA8L21hc2s+CiAgICAgICAgICAgICAgPGNpcmNsZSBzdHJva2U9InVybCgjZCkiIHN0cm9rZS13aWR0aD0iMiIgb3BhY2l0eT0iLjU1IiBtYXNrPSJ1cmwoI0kpIiBjeD0iOCIgY3k9IjI0IiByPSI0MyIvPgogICAgICAgICAgICA8L2c+CiAgICAgICAgICAgIDxnIHRyYW5zZm9ybT0idHJhbnNsYXRlKDU1KSI+CiAgICAgICAgICAgICAgPG1hc2sgaWQ9IksiIGZpbGw9IiNmZmYiPgogICAgICAgICAgICAgICAgPHVzZSB4bGluazpocmVmPSIjSiIvPgogICAgICAgICAgICAgIDwvbWFzaz4KICAgICAgICAgICAgICA8Y2lyY2xlIHN0cm9rZT0idXJsKCNkKSIgc3Ryb2tlLXdpZHRoPSIyIiBvcGFjaXR5PSIuNSIgbWFzaz0idXJsKCNLKSIgY3g9IjEzIiBjeT0iMjQiIHI9IjQ0Ii8+CiAgICAgICAgICAgIDwvZz4KICAgICAgICAgICAgPGcgdHJhbnNmb3JtPSJ0cmFuc2xhdGUoNTUpIj4KICAgICAgICAgICAgICA8bWFzayBpZD0iTSIgZmlsbD0iI2ZmZiI+CiAgICAgICAgICAgICAgICA8dXNlIHhsaW5rOmhyZWY9IiNMIi8+CiAgICAgICAgICAgICAgPC9tYXNrPgogICAgICAgICAgICAgIDxjaXJjbGUgc3Ryb2tlPSJ1cmwoI2QpIiBzdHJva2Utd2lkdGg9IjIiIG9wYWNpdHk9Ii41IiBtYXNrPSJ1cmwoI00pIiBjeD0iMTgiIGN5PSIyNCIgcj0iNDUiLz4KICAgICAgICAgICAgPC9nPgogICAgICAgICAgICA8ZyB0cmFuc2Zvcm09InRyYW5zbGF0ZSg1NSkiPgogICAgICAgICAgICAgIDxtYXNrIGlkPSJPIiBmaWxsPSIjZmZmIj4KICAgICAgICAgICAgICAgIDx1c2UgeGxpbms6aHJlZj0iI04iLz4KICAgICAgICAgICAgICA8L21hc2s+CiAgICAgICAgICAgICAgPGNpcmNsZSBzdHJva2U9InVybCgjZCkiIHN0cm9rZS13aWR0aD0iMiIgb3BhY2l0eT0iLjUiIG1hc2s9InVybCgjTykiIGN4PSIyMyIgY3k9IjI0IiByPSI0NiIvPgogICAgICAgICAgICA8L2c+CiAgICAgICAgICAgIDxnIHRyYW5zZm9ybT0idHJhbnNsYXRlKDU1KSI+CiAgICAgICAgICAgICAgPG1hc2sgaWQ9IlEiIGZpbGw9IiNmZmYiPgogICAgICAgICAgICAgICAgPHVzZSB4bGluazpocmVmPSIjUCIvPgogICAgICAgICAgICAgIDwvbWFzaz4KICAgICAgICAgICAgICA8Y2lyY2xlIHN0cm9rZT0idXJsKCNkKSIgc3Ryb2tlLXdpZHRoPSIyIiBvcGFjaXR5PSIuNSIgbWFzaz0idXJsKCNRKSIgY3g9IjI4IiBjeT0iMjQiIHI9IjQ3Ii8+CiAgICAgICAgICAgIDwvZz4KICAgICAgICAgICAgPGcgdHJhbnNmb3JtPSJ0cmFuc2xhdGUoNTUpIj4KICAgICAgICAgICAgICA8bWFzayBpZD0iUyIgZmlsbD0iI2ZmZiI+CiAgICAgICAgICAgICAgICA8dXNlIHhsaW5rOmhyZWY9IiNSIi8+CiAgICAgICAgICAgICAgPC9tYXNrPgogICAgICAgICAgICAgIDxjaXJjbGUgc3Ryb2tlPSJ1cmwoI2QpIiBzdHJva2Utd2lkdGg9IjIiIG9wYWNpdHk9Ii41IiBtYXNrPSJ1cmwoI1MpIiBjeD0iMzMiIGN5PSIyNCIgcj0iNDgiLz4KICAgICAgICAgICAgPC9nPgogICAgICAgICAgICA8ZyB0cmFuc2Zvcm09InRyYW5zbGF0ZSg1NSkiPgogICAgICAgICAgICAgIDxtYXNrIGlkPSJVIiBmaWxsPSIjZmZmIj4KICAgICAgICAgICAgICAgIDx1c2UgeGxpbms6aHJlZj0iI1QiLz4KICAgICAgICAgICAgICA8L21hc2s+CiAgICAgICAgICAgICAgPGNpcmNsZSBzdHJva2U9InVybCgjZCkiIHN0cm9rZS13aWR0aD0iMiIgb3BhY2l0eT0iLjQ1IiBtYXNrPSJ1cmwoI1UpIiBjeD0iMzgiIGN5PSIyNCIgcj0iNDkiLz4KICAgICAgICAgICAgPC9nPgogICAgICAgICAgICA8ZyB0cmFuc2Zvcm09InRyYW5zbGF0ZSg1NSkiPgogICAgICAgICAgICAgIDxtYXNrIGlkPSJXIiBmaWxsPSIjZmZmIj4KICAgICAgICAgICAgICAgIDx1c2UgeGxpbms6aHJlZj0iI1YiLz4KICAgICAgICAgICAgICA8L21hc2s+CiAgICAgICAgICAgICAgPGNpcmNsZSBzdHJva2U9InVybCgjZCkiIHN0cm9rZS13aWR0aD0iMiIgb3BhY2l0eT0iLjQ1IiBtYXNrPSJ1cmwoI1cpIiBjeD0iNDMiIGN5PSIyNCIgcj0iNTAiLz4KICAgICAgICAgICAgPC9nPgogICAgICAgICAgICA8ZyB0cmFuc2Zvcm09InRyYW5zbGF0ZSgxNDUpIj4KICAgICAgICAgICAgICA8bWFzayBpZD0iWSIgZmlsbD0iI2ZmZiI+CiAgICAgICAgICAgICAgICA8dXNlIHhsaW5rOmhyZWY9IiNYIi8+CiAgICAgICAgICAgICAgPC9tYXNrPgogICAgICAgICAgICAgIDxnIG1hc2s9InVybCgjWSkiPgogICAgICAgICAgICAgICAgPGcgc3Ryb2tlPSJ1cmwoI2QpIiBzdHJva2Utd2lkdGg9IjIiIHRyYW5zZm9ybT0idHJhbnNsYXRlKC0xMDUgLTY2KSI+CiAgICAgICAgICAgICAgICAgIDxjaXJjbGUgb3BhY2l0eT0iLjQ1IiB0cmFuc2Zvcm09InJvdGF0ZSgxNSA2MyA5MCkiIGN4PSI2MyIgY3k9IjkwIiByPSI1MSIvPgogICAgICAgICAgICAgICAgICA8Y2lyY2xlIG9wYWNpdHk9Ii40NSIgdHJhbnNmb3JtPSJyb3RhdGUoMTUgNjggOTApIiBjeD0iNjgiIGN5PSI5MCIgcj0iNTIiLz4KICAgICAgICAgICAgICAgICAgPGNpcmNsZSBvcGFjaXR5PSIuNDUiIHRyYW5zZm9ybT0icm90YXRlKDE1IDczIDkwKSIgY3g9IjczIiBjeT0iOTAiIHI9IjUzIi8+CiAgICAgICAgICAgICAgICAgIDxjaXJjbGUgb3BhY2l0eT0iLjQ1IiB0cmFuc2Zvcm09InJvdGF0ZSgxNSA3OCA5MCkiIGN4PSI3OCIgY3k9IjkwIiByPSI1NCIvPgogICAgICAgICAgICAgICAgICA8Y2lyY2xlIG9wYWNpdHk9Ii40IiB0cmFuc2Zvcm09InJvdGF0ZSgxNSA4MyA5MCkiIGN4PSI4MyIgY3k9IjkwIiByPSI1NSIvPgogICAgICAgICAgICAgICAgICA8Y2lyY2xlIG9wYWNpdHk9Ii40IiB0cmFuc2Zvcm09InJvdGF0ZSgxNSA4OCA5MCkiIGN4PSI4OCIgY3k9IjkwIiByPSI1NiIvPgogICAgICAgICAgICAgICAgICA8Y2lyY2xlIG9wYWNpdHk9Ii40IiB0cmFuc2Zvcm09InJvdGF0ZSgxNSA5MyA5MCkiIGN4PSI5MyIgY3k9IjkwIiByPSI1NyIvPgogICAgICAgICAgICAgICAgICA8Y2lyY2xlIG9wYWNpdHk9Ii40IiB0cmFuc2Zvcm09InJvdGF0ZSgxNSA5OCA5MCkiIGN4PSI5OCIgY3k9IjkwIiByPSI1OCIvPgogICAgICAgICAgICAgICAgICA8Y2lyY2xlIG9wYWNpdHk9Ii40IiB0cmFuc2Zvcm09InJvdGF0ZSgxNSAxMDMgOTApIiBjeD0iMTAzIiBjeT0iOTAiIHI9IjU5Ii8+CiAgICAgICAgICAgICAgICAgIDxjaXJjbGUgb3BhY2l0eT0iLjM1IiB0cmFuc2Zvcm09InJvdGF0ZSgxNSAxMDggOTApIiBjeD0iMTA4IiBjeT0iOTAiIHI9IjYwIi8+CiAgICAgICAgICAgICAgICAgIDxjaXJjbGUgb3BhY2l0eT0iLjM1IiB0cmFuc2Zvcm09InJvdGF0ZSgxNSAxMTMgOTApIiBjeD0iMTEzIiBjeT0iOTAiIHI9IjYxIi8+CiAgICAgICAgICAgICAgICAgIDxjaXJjbGUgb3BhY2l0eT0iLjM1IiB0cmFuc2Zvcm09InJvdGF0ZSgxNSAxMTggODkpIiBjeD0iMTE4IiBjeT0iODkiIHI9IjYyIi8+CiAgICAgICAgICAgICAgICAgIDxjaXJjbGUgb3BhY2l0eT0iLjM1IiB0cmFuc2Zvcm09InJvdGF0ZSgxNSAxMjMgODkpIiBjeD0iMTIzIiBjeT0iODkiIHI9IjYzIi8+CiAgICAgICAgICAgICAgICAgIDxjaXJjbGUgb3BhY2l0eT0iLjMiIHRyYW5zZm9ybT0icm90YXRlKDE1IDEyOCA4OSkiIGN4PSIxMjgiIGN5PSI4OSIgcj0iNjQiLz4KICAgICAgICAgICAgICAgICAgPGNpcmNsZSBvcGFjaXR5PSIuMyIgdHJhbnNmb3JtPSJyb3RhdGUoMTUgMTMzIDg5KSIgY3g9IjEzMyIgY3k9Ijg5IiByPSI2NSIvPgogICAgICAgICAgICAgICAgICA8Y2lyY2xlIG9wYWNpdHk9Ii4zIiB0cmFuc2Zvcm09InJvdGF0ZSgxNSAxMzggODkpIiBjeD0iMTM4IiBjeT0iODkiIHI9IjY2Ii8+CiAgICAgICAgICAgICAgICAgIDxjaXJjbGUgb3BhY2l0eT0iLjI1IiB0cmFuc2Zvcm09InJvdGF0ZSgxNSAxNDMgODkpIiBjeD0iMTQzIiBjeT0iODkiIHI9IjY3Ii8+CiAgICAgICAgICAgICAgICAgIDxjaXJjbGUgb3BhY2l0eT0iLjI1IiB0cmFuc2Zvcm09InJvdGF0ZSgxNSAxNDggODkpIiBjeD0iMTQ4IiBjeT0iODkiIHI9IjY4Ii8+CiAgICAgICAgICAgICAgICAgIDxjaXJjbGUgb3BhY2l0eT0iLjIiIHRyYW5zZm9ybT0icm90YXRlKDE1IDE1MyA4OSkiIGN4PSIxNTMiIGN5PSI4OSIgcj0iNjkiLz4KICAgICAgICAgICAgICAgICAgPGNpcmNsZSBvcGFjaXR5PSIuMiIgdHJhbnNmb3JtPSJyb3RhdGUoMTUgMTU4IDg5KSIgY3g9IjE1OCIgY3k9Ijg5IiByPSI3MCIvPgogICAgICAgICAgICAgICAgICA8Y2lyY2xlIG9wYWNpdHk9Ii4yIiB0cmFuc2Zvcm09InJvdGF0ZSgxNSAxNjMgODkpIiBjeD0iMTYzIiBjeT0iODkiIHI9IjcxIi8+CiAgICAgICAgICAgICAgICAgIDxjaXJjbGUgb3BhY2l0eT0iLjIiIHRyYW5zZm9ybT0icm90YXRlKDE1IDE2OCA4OSkiIGN4PSIxNjgiIGN5PSI4OSIgcj0iNzIiLz4KICAgICAgICAgICAgICAgIDwvZz4KICAgICAgICAgICAgICA8L2c+CiAgICAgICAgICAgIDwvZz4KICAgICAgICAgIDwvZz4KICAgICAgICA8L2c+CiAgICAgIDwvZz4KICAgIDwvZz4KICA8L3N2Zz4=), linear-gradient(to right, #7A7CF3, #6262F6); background-repeat: no-repeat; background-position: left 39px center, left center; background-size: 282px 100%, 100% 100%; box-shadow: 0 4px 15px 0 rgba(98,98,246,0.50); color: #fff; text-decoration: none; display: flex; align-items: center; justify-content: center; border-radius: 4px; padding: 12px 39px; box-sizing: border-box; } #bloom-claim-element--lock { position: absolute; left: 19px; top: 50%; transform: translateY(-50%); height: 20px; color: #5a5de0; } #bloom-claim-element--text-and-logo { display: flex; width: 100%; align-items: center; justify-content: center; margin-left: 12px; margin-right: 12px; } #bloom-claim-element--logo { margin-right: 6px; height: 22px; }</style><svg id=\\"bloom-claim-element--lock\\" viewBox=\\"0 0 24 24\\"><path d=\\"M19.5 9.5h-.75V6.75a6.75 6.75 0 0 0-13.5 0V9.5H4.5a2 2 0 0 0-2 2V22a2 2 0 0 0 2 2h15a2 2 0 0 0 2-2V11.5a2 2 0 0 0-2-2zm-9.5 6a2 2 0 1 1 3 1.723V19.5a1 1 0 0 1-2 0v-2.277a1.994 1.994 0 0 1-1-1.723zM7.75 6.75a4.25 4.25 0 0 1 8.5 0V9a.5.5 0 0 1-.5.5h-7.5a.5.5 0 0 1-.5-.5z\\" fill=\\"currentColor\\"></path></svg><span id=\\"bloom-claim-element--text-and-logo\\"><svg id=\\"bloom-claim-element--logo\\" viewBox=\\"0 0 33.85 35.57\\"><path d=\\"M22.44 8.69a5.39 5.39 0 0 1-10.77 0s-.19-1 .84-3.23A13.21 13.21 0 0 1 16.98 0a14.29 14.29 0 0 1 4.68 5.46 6.56 6.56 0 0 1 .78 3.23zm0 18.2a5.39 5.39 0 0 0-10.77 0s-.19 1 .84 3.23a13.21 13.21 0 0 0 4.47 5.46 14.29 14.29 0 0 0 4.68-5.46 6.56 6.56 0 0 0 .78-3.23zm2.73-14.47a5.39 5.39 0 0 0 0 10.77s1 .19 3.23-.84a13.21 13.21 0 0 0 5.46-4.47 14.2 14.2 0 0 0-5.46-4.68 6.56 6.56 0 0 0-3.23-.78zm-16.48-.05a5.38 5.38 0 0 1 0 10.76s-1 .2-3.23-.84A13.21 13.21 0 0 1 0 17.79a14.29 14.29 0 0 1 5.46-4.68 6.61 6.61 0 0 1 3.23-.77z\\" fill=\\"currentColor\\"></path></svg><svg id=\\"bloom-claim-element--text\\" width=\\"44\\" height=\\"12\\"><path d=\\"M7.68 3.584c0 .72-.368 1.632-1.504 2.064 1.456.368 2.08 1.616 2.08 2.512 0 1.824-1.328 3.376-3.52 3.376H0V.512h4.416C6.4.512 7.68 1.696 7.68 3.584zm-5.328 1.28h1.84c.608 0 1.024-.48 1.024-1.136 0-.688-.352-1.152-1.04-1.152H2.352v2.288zM4.56 6.8H2.352v2.672h2.256c.784 0 1.184-.704 1.184-1.36 0-.624-.4-1.312-1.232-1.312zM9.92 0h2.224v11.536H9.92V0zm7.696 9.488c.928 0 1.696-.672 1.696-1.712 0-1.008-.768-1.696-1.696-1.696-.912 0-1.68.688-1.68 1.696 0 1.04.768 1.712 1.68 1.712zm0 2.176c-2.112 0-3.872-1.536-3.872-3.888s1.76-3.872 3.872-3.872 3.888 1.52 3.888 3.872-1.776 3.888-3.888 3.888zm8.912-2.176c.928 0 1.696-.672 1.696-1.712 0-1.008-.768-1.696-1.696-1.696-.912 0-1.68.688-1.68 1.696 0 1.04.768 1.712 1.68 1.712zm0 2.176c-2.112 0-3.872-1.536-3.872-3.888s1.76-3.872 3.872-3.872 3.888 1.52 3.888 3.872-1.776 3.888-3.888 3.888zm13.744-5.6c-.704 0-1.28.432-1.28 1.52v3.952h-2.224V7.504c-.016-.944-.592-1.44-1.232-1.44-.672 0-1.296.384-1.296 1.52v3.952h-2.224V4.064h2.224v1.088c.352-.784 1.152-1.232 1.952-1.232 1.184 0 1.984.448 2.4 1.312.72-1.168 1.712-1.328 2.24-1.328 1.776 0 2.88 1.136 2.88 3.392v4.24h-2.208V7.552c0-.976-.576-1.488-1.232-1.488z\\" fill=\\"currentColor\\" fill-rulle=\\"evenodd\\"></path></svg></span></a>"`;

exports[`renderClaimButton renders a button 2`] = `
Object {
  "token": "token",
  "url": "https://claim-kit.bloom.co/api/claim?share-kit-from=button",
  "version": 1,
}
`;

exports[`renderClaimButton renders a button 3`] = `"https://bloom.co/callback-url"`;

exports[`renderClaimButton renders a medium button 1`] = `"<a id=\\"bloom-claim-element-\\" target=\\"_blank\\" rel=\\"norefferer noopener\\" href=\\"https://bloom.co/download?claim=eyJ2ZXJzaW9uIjoxLCJ1cmwiOiJodHRwczovL2NsYWltLWtpdC5ibG9vbS5jby9hcGkvY2xhaW0/c2hhcmUta2l0LWZyb209YnV0dG9uIiwidG9rZW4iOiJ0b2tlbiJ9&amp;callback-url=https%3A%2F%2Fbloom.co%2Fcallback-url\\"><style>#bloom-claim-element- { background-color: #6262F6; color: #fff; text-decoration: none; display: inline-flex; align-items: center; justify-content: center; border-radius: 4px; padding: 7px 17px; box-sizing: border-box; } #bloom-claim-element--text-and-logo { display: flex; width: 100%; align-items: center; justify-content: center; } #bloom-claim-element--logo { margin-right: 4px; height: 16px; }</style><span id=\\"bloom-claim-element--text-and-logo\\"><svg id=\\"bloom-claim-element--logo\\" viewBox=\\"0 0 33.85 35.57\\"><path d=\\"M22.44 8.69a5.39 5.39 0 0 1-10.77 0s-.19-1 .84-3.23A13.21 13.21 0 0 1 16.98 0a14.29 14.29 0 0 1 4.68 5.46 6.56 6.56 0 0 1 .78 3.23zm0 18.2a5.39 5.39 0 0 0-10.77 0s-.19 1 .84 3.23a13.21 13.21 0 0 0 4.47 5.46 14.29 14.29 0 0 0 4.68-5.46 6.56 6.56 0 0 0 .78-3.23zm2.73-14.47a5.39 5.39 0 0 0 0 10.77s1 .19 3.23-.84a13.21 13.21 0 0 0 5.46-4.47 14.2 14.2 0 0 0-5.46-4.68 6.56 6.56 0 0 0-3.23-.78zm-16.48-.05a5.38 5.38 0 0 1 0 10.76s-1 .2-3.23-.84A13.21 13.21 0 0 1 0 17.79a14.29 14.29 0 0 1 5.46-4.68 6.61 6.61 0 0 1 3.23-.77z\\" fill=\\"currentColor\\"></path></svg><svg id=\\"bloom-claim-element--text\\" width=\\"37\\" height=\\"10\\"><path d=\\"M6.5 3.073c0 .617-.31 1.399-1.272 1.77 1.232.315 1.76 1.385 1.76 2.153 0 1.564-1.124 2.894-2.98 2.894H0V.44h3.738C5.418.439 6.5 1.454 6.5 3.073zM1.99 4.17h1.558c.515 0 .867-.411.867-.974 0-.59-.298-.987-.88-.987H1.99V4.17zm1.87 1.66H1.99v2.29H3.9c.664 0 1.003-.603 1.003-1.165 0-.535-.339-1.125-1.043-1.125zM8.397 0h1.882v9.89H8.397V0zm6.514 8.134c.786 0 1.436-.576 1.436-1.467 0-.865-.65-1.454-1.436-1.454-.772 0-1.422.59-1.422 1.454 0 .891.65 1.467 1.422 1.467zm0 1.866c-1.788 0-3.277-1.317-3.277-3.333 0-2.017 1.49-3.32 3.277-3.32 1.788 0 3.291 1.303 3.291 3.32 0 2.016-1.503 3.333-3.29 3.333zm7.544-1.866c.785 0 1.435-.576 1.435-1.467 0-.865-.65-1.454-1.435-1.454-.772 0-1.422.59-1.422 1.454 0 .891.65 1.467 1.422 1.467zm0 1.866c-1.788 0-3.278-1.317-3.278-3.333 0-2.017 1.49-3.32 3.278-3.32 1.787 0 3.29 1.303 3.29 3.32 0 2.016-1.503 3.333-3.29 3.333zm11.633-4.801c-.596 0-1.083.37-1.083 1.303V9.89h-1.883V6.433c-.013-.809-.5-1.234-1.043-1.234-.568 0-1.097.33-1.097 1.303V9.89H27.1V3.484h1.882v.933c.298-.672.976-1.056 1.653-1.056 1.002 0 1.68.384 2.031 1.125.61-1.002 1.45-1.139 1.896-1.139 1.504 0 2.438.974 2.438 2.908V9.89h-1.869V6.475c0-.837-.488-1.276-1.043-1.276z\\" fill=\\"currentColor\\" fill-rulle=\\"evenodd\\"></path></svg></span></a>"`;

exports[`renderClaimButton renders a small button 1`] = `"<a id=\\"bloom-claim-element-\\" target=\\"_blank\\" rel=\\"norefferer noopener\\" href=\\"https://bloom.co/download?claim=eyJ2ZXJzaW9uIjoxLCJ1cmwiOiJodHRwczovL2NsYWltLWtpdC5ibG9vbS5jby9hcGkvY2xhaW0/c2hhcmUta2l0LWZyb209YnV0dG9uIiwidG9rZW4iOiJ0b2tlbiJ9&amp;callback-url=https%3A%2F%2Fbloom.co%2Fcallback-url\\"><style>#bloom-claim-element- { background-color: #6262F6; color: #fff; border-radius: 0; text-decoration: none; display: inline-flex; align-items: center; justify-content: center; box-sizing: border-box; height: 34px; width: 34px; } #bloom-claim-element--logo { width: 20px; }</style><svg id=\\"bloom-claim-element--logo\\" viewBox=\\"0 0 33.85 35.57\\"><path d=\\"M22.44 8.69a5.39 5.39 0 0 1-10.77 0s-.19-1 .84-3.23A13.21 13.21 0 0 1 16.98 0a14.29 14.29 0 0 1 4.68 5.46 6.56 6.56 0 0 1 .78 3.23zm0 18.2a5.39 5.39 0 0 0-10.77 0s-.19 1 .84 3.23a13.21 13.21 0 0 0 4.47 5.46 14.29 14.29 0 0 0 4.68-5.46 6.56 6.56 0 0 0 .78-3.23zm2.73-14.47a5.39 5.39 0 0 0 0 10.77s1 .19 3.23-.84a13.21 13.21 0 0 0 5.46-4.47 14.2 14.2 0 0 0-5.46-4.68 6.56 6.56 0 0 0-3.23-.78zm-16.48-.05a5.38 5.38 0 0 1 0 10.76s-1 .2-3.23-.84A13.21 13.21 0 0 1 0 17.79a14.29 14.29 0 0 1 5.46-4.68 6.61 6.61 0 0 1 3.23-.77z\\" fill=\\"currentColor\\"></path></svg></a>"`;

exports[`renderClaimButton updates the button 1`] = `
Object {
  "token": "token 2",
  "url": "https://claim-kit.bloom.co/api/claim?share-kit-from=button",
  "version": 1,
}
`;

exports[`renderClaimButton updates the button 2`] = `"https://bloom.co/callback-url-2"`;
